{
  "version": "1.5.0",
  "plugins_used": [
    {
      "name": "ArtifactoryDetector"
    },
    {
      "name": "AWSKeyDetector"
    },
    {
      "name": "AzureStorageKeyDetector"
    },
    {
      "name": "Base64HighEntropyString",
      "limit": 4.5
    },
    {
      "name": "BasicAuthDetector"
    },
    {
      "name": "CloudantDetector"
    },
    {
      "name": "DiscordBotTokenDetector"
    },
    {
      "name": "GitHubTokenDetector"
    },
    {
      "name": "GitLabTokenDetector"
    },
    {
      "name": "HexHighEntropyString",
      "limit": 3.0
    },
    {
      "name": "IbmCloudIamDetector"
    },
    {
      "name": "IbmCosHmacDetector"
    },
    {
      "name": "IPPublicDetector"
    },
    {
      "name": "JwtTokenDetector"
    },
    {
      "name": "KeywordDetector",
      "keyword_exclude": ""
    },
    {
      "name": "MailchimpDetector"
    },
    {
      "name": "NpmDetector"
    },
    {
      "name": "OpenAIDetector"
    },
    {
      "name": "PrivateKeyDetector"
    },
    {
      "name": "PypiTokenDetector"
    },
    {
      "name": "SendGridDetector"
    },
    {
      "name": "SlackDetector"
    },
    {
      "name": "SoftlayerDetector"
    },
    {
      "name": "SquareOAuthDetector"
    },
    {
      "name": "StripeDetector"
    },
    {
      "name": "TelegramBotTokenDetector"
    },
    {
      "name": "TwilioKeyDetector"
    }
  ],
  "filters_used": [
    {
      "path": "detect_secrets.filters.allowlist.is_line_allowlisted"
    },
    {
      "path": "detect_secrets.filters.heuristic.is_indirect_reference"
    },
    {
      "path": "detect_secrets.filters.heuristic.is_likely_id_string"
    },
    {
      "path": "detect_secrets.filters.heuristic.is_lock_file"
    },
    {
      "path": "detect_secrets.filters.heuristic.is_not_alphanumeric_string"
    },
    {
      "path": "detect_secrets.filters.heuristic.is_potential_uuid"
    },
    {
      "path": "detect_secrets.filters.heuristic.is_prefixed_with_dollar_sign"
    },
    {
      "path": "detect_secrets.filters.heuristic.is_sequential_string"
    },
    {
      "path": "detect_secrets.filters.heuristic.is_swagger_file"
    },
    {
      "path": "detect_secrets.filters.heuristic.is_templated_secret"
    }
  ],
  "results": {
    "cases/erdos686-four-pilot/anchors/round-5-fieldopt-route.json": [
      {
        "type": "Hex High Entropy String",
        "filename": "cases/erdos686-four-pilot/anchors/round-5-fieldopt-route.json",
        "hashed_secret": "a452613a88f4ad615c66d1d451fd90530dcf7fca",
        "is_verified": false,
        "line_number": 2
      },
      {
        "type": "Hex High Entropy String",
        "filename": "cases/erdos686-four-pilot/anchors/round-5-fieldopt-route.json",
        "hashed_secret": "c83cb98ecdd028fd5d2319377777735d4a3b04dd",
        "is_verified": false,
        "line_number": 29
      },
      {
        "type": "Hex High Entropy String",
        "filename": "cases/erdos686-four-pilot/anchors/round-5-fieldopt-route.json",
        "hashed_secret": "ef79c87662c7e5ea149cda05e7e21cb268284069",
        "is_verified": false,
        "line_number": 32
      },
      {
        "type": "Hex High Entropy String",
        "filename": "cases/erdos686-four-pilot/anchors/round-5-fieldopt-route.json",
        "hashed_secret": "85fcc85e26bea7799fb209b7b9cf51e2aa5ffc57",
        "is_verified": false,
        "line_number": 37
      },
      {
        "type": "Hex High Entropy String",
        "filename": "cases/erdos686-four-pilot/anchors/round-5-fieldopt-route.json",
        "hashed_secret": "6faf25b0030b397c94fe12193a894203d8dd87f5",
        "is_verified": false,
        "line_number": 49
      }
    ],
    "cases/erdos686-four-pilot/anchors/round-6-scientific-council.json": [
      {
        "type": "Hex High Entropy String",
        "filename": "cases/erdos686-four-pilot/anchors/round-6-scientific-council.json",
        "hashed_secret": "a12f885f6e8b7e2a0a6f393ad07357ed3790c264",
        "is_verified": false,
        "line_number": 8
      },
      {
        "type": "Hex High Entropy String",
        "filename": "cases/erdos686-four-pilot/anchors/round-6-scientific-council.json",
        "hashed_secret": "29268a50d757618d3be6678f08d47b51792624ea",
        "is_verified": false,
        "line_number": 12
      },
      {
        "type": "Hex High Entropy String",
        "filename": "cases/erdos686-four-pilot/anchors/round-6-scientific-council.json",
        "hashed_secret": "34442a91b92428fd129869eba81f630ead9eb36e",
        "is_verified": false,
        "line_number": 16
      },
      {
        "type": "Hex High Entropy String",
        "filename": "cases/erdos686-four-pilot/anchors/round-6-scientific-council.json",
        "hashed_secret": "8ceee4bfd68e079117ed5785e64ad0cc903d18d9",
        "is_verified": false,
        "line_number": 20
      },
      {
        "type": "Hex High Entropy String",
        "filename": "cases/erdos686-four-pilot/anchors/round-6-scientific-council.json",
        "hashed_secret": "e3fb5227fe9cb4efe792ecff5597e79732c984c3",
        "is_verified": false,
        "line_number": 24
      },
      {
        "type": "Hex High Entropy String",
        "filename": "cases/erdos686-four-pilot/anchors/round-6-scientific-council.json",
        "hashed_secret": "f705de48b88be0fe63ca357689b9975084de12c0",
        "is_verified": false,
        "line_number": 28
      },
      {
        "type": "Hex High Entropy String",
        "filename": "cases/erdos686-four-pilot/anchors/round-6-scientific-council.json",
        "hashed_secret": "6faf25b0030b397c94fe12193a894203d8dd87f5",
        "is_verified": false,
        "line_number": 39
      }
    ],
    "cases/erdos686-four-pilot/anchors/round-7-prym-falsifier.json": [
      {
        "type": "Hex High Entropy String",
        "filename": "cases/erdos686-four-pilot/anchors/round-7-prym-falsifier.json",
        "hashed_secret": "0a8a79e7bca684b1fd9465b58dd481e3adfffb56",
        "is_verified": false,
        "line_number": 2
      },
      {
        "type": "Hex High Entropy String",
        "filename": "cases/erdos686-four-pilot/anchors/round-7-prym-falsifier.json",
        "hashed_secret": "ef52f4c9d68ee6371937fa24ac6948bfec6549e7",
        "is_verified": false,
        "line_number": 24
      },
      {
        "type": "Hex High Entropy String",
        "filename": "cases/erdos686-four-pilot/anchors/round-7-prym-falsifier.json",
        "hashed_secret": "6faf25b0030b397c94fe12193a894203d8dd87f5",
        "is_verified": false,
        "line_number": 34
      }
    ],
    "cases/erdos686-four-pilot/case-manifest.json": [
      {
        "type": "Hex High Entropy String",
        "filename": "cases/erdos686-four-pilot/case-manifest.json",
        "hashed_secret": "6faf25b0030b397c94fe12193a894203d8dd87f5",
        "is_verified": false,
        "line_number": 15
      },
      {
        "type": "Hex High Entropy String",
        "filename": "cases/erdos686-four-pilot/case-manifest.json",
        "hashed_secret": "16b0e258f57eb6a132211e9faadbbfc41b15967a",
        "is_verified": false,
        "line_number": 16
      },
      {
        "type": "Hex High Entropy String",
        "filename": "cases/erdos686-four-pilot/case-manifest.json",
        "hashed_secret": "4edbcb262f36723154f3dd09f382e947a1b0d453",
        "is_verified": false,
        "line_number": 21
      }
    ],
    "cases/erdos686-four-pilot/handoffs/round-5-fieldopt.json": [
      {
        "type": "Hex High Entropy String",
        "filename": "cases/erdos686-four-pilot/handoffs/round-5-fieldopt.json",
        "hashed_secret": "0a4110a8e6dcd1dde7c82f48c4f0cae0ba449f5b",
        "is_verified": false,
        "line_number": 5
      },
      {
        "type": "Hex High Entropy String",
        "filename": "cases/erdos686-four-pilot/handoffs/round-5-fieldopt.json",
        "hashed_secret": "55ffbaea552d6940fd4fd3c6921f079de274fc92",
        "is_verified": false,
        "line_number": 6
      },
      {
        "type": "Hex High Entropy String",
        "filename": "cases/erdos686-four-pilot/handoffs/round-5-fieldopt.json",
        "hashed_secret": "ef79c87662c7e5ea149cda05e7e21cb268284069",
        "is_verified": false,
        "line_number": 15
      },
      {
        "type": "Hex High Entropy String",
        "filename": "cases/erdos686-four-pilot/handoffs/round-5-fieldopt.json",
        "hashed_secret": "85fcc85e26bea7799fb209b7b9cf51e2aa5ffc57",
        "is_verified": false,
        "line_number": 38
      }
    ],
    "cases/erdos686-four-pilot/handoffs/round-6-scientific-council.json": [
      {
        "type": "Hex High Entropy String",
        "filename": "cases/erdos686-four-pilot/handoffs/round-6-scientific-council.json",
        "hashed_secret": "77e8040b2ec1933b81db633df2d681e599041dae",
        "is_verified": false,
        "line_number": 3
      },
      {
        "type": "Hex High Entropy String",
        "filename": "cases/erdos686-four-pilot/handoffs/round-6-scientific-council.json",
        "hashed_secret": "926061ea1262f71bbe6358aba17ada1e782d9dd5",
        "is_verified": false,
        "line_number": 13
      },
      {
        "type": "Hex High Entropy String",
        "filename": "cases/erdos686-four-pilot/handoffs/round-6-scientific-council.json",
        "hashed_secret": "8c58544972d90431c7f49369c965604abbb77c40",
        "is_verified": false,
        "line_number": 22
      },
      {
        "type": "Hex High Entropy String",
        "filename": "cases/erdos686-four-pilot/handoffs/round-6-scientific-council.json",
        "hashed_secret": "bc7347452cea0d886ba157395798d9c7e65e74fd",
        "is_verified": false,
        "line_number": 31
      },
      {
        "type": "Hex High Entropy String",
        "filename": "cases/erdos686-four-pilot/handoffs/round-6-scientific-council.json",
        "hashed_secret": "031a36160ada38857f524db5e072c44174c00110",
        "is_verified": false,
        "line_number": 45
      },
      {
        "type": "Hex High Entropy String",
        "filename": "cases/erdos686-four-pilot/handoffs/round-6-scientific-council.json",
        "hashed_secret": "62b341ffe92458c0202df67d27b1e6179eafb82b",
        "is_verified": false,
        "line_number": 46
      },
      {
        "type": "Hex High Entropy String",
        "filename": "cases/erdos686-four-pilot/handoffs/round-6-scientific-council.json",
        "hashed_secret": "20f404a9b0eb1db002d98503f36cbcbbee1ca07f",
        "is_verified": false,
        "line_number": 50
      }
    ],
    "cases/erdos686-four-pilot/handoffs/round-7-prym-falsifier.json": [
      {
        "type": "Hex High Entropy String",
        "filename": "cases/erdos686-four-pilot/handoffs/round-7-prym-falsifier.json",
        "hashed_secret": "f9d56ff84aa65a5e782943169775ebea535df3b1",
        "is_verified": false,
        "line_number": 3
      },
      {
        "type": "Hex High Entropy String",
        "filename": "cases/erdos686-four-pilot/handoffs/round-7-prym-falsifier.json",
        "hashed_secret": "6cbb1068a5479559e21c08756bfce951158150a2",
        "is_verified": false,
        "line_number": 5
      },
      {
        "type": "Hex High Entropy String",
        "filename": "cases/erdos686-four-pilot/handoffs/round-7-prym-falsifier.json",
        "hashed_secret": "98c7981b30d8166444e6ec10e4e3b62adde549db",
        "is_verified": false,
        "line_number": 6
      },
      {
        "type": "Hex High Entropy String",
        "filename": "cases/erdos686-four-pilot/handoffs/round-7-prym-falsifier.json",
        "hashed_secret": "2cf58204aa282265d52bfb8ffeebfa55c709e923",
        "is_verified": false,
        "line_number": 8
      },
      {
        "type": "Hex High Entropy String",
        "filename": "cases/erdos686-four-pilot/handoffs/round-7-prym-falsifier.json",
        "hashed_secret": "3b6705a5838f0bab580748b027758a741ce585d7",
        "is_verified": false,
        "line_number": 9
      },
      {
        "type": "Hex High Entropy String",
        "filename": "cases/erdos686-four-pilot/handoffs/round-7-prym-falsifier.json",
        "hashed_secret": "c4fc30a67a7c6d43a064eecf38e8284d7be5e186",
        "is_verified": false,
        "line_number": 10
      },
      {
        "type": "Hex High Entropy String",
        "filename": "cases/erdos686-four-pilot/handoffs/round-7-prym-falsifier.json",
        "hashed_secret": "521f55e59f65133fb7711902aff831ef5482fb04",
        "is_verified": false,
        "line_number": 11
      },
      {
        "type": "Hex High Entropy String",
        "filename": "cases/erdos686-four-pilot/handoffs/round-7-prym-falsifier.json",
        "hashed_secret": "d3b68208d07a167d2282c0c9842eb450ccaa3665",
        "is_verified": false,
        "line_number": 12
      },
      {
        "type": "Hex High Entropy String",
        "filename": "cases/erdos686-four-pilot/handoffs/round-7-prym-falsifier.json",
        "hashed_secret": "9cca35fc225655bd4e6f26419d4fdced1ae1efe1",
        "is_verified": false,
        "line_number": 13
      },
      {
        "type": "Hex High Entropy String",
        "filename": "cases/erdos686-four-pilot/handoffs/round-7-prym-falsifier.json",
        "hashed_secret": "8c12b1f55a9c40f5e319a946e9704bb377a8ee77",
        "is_verified": false,
        "line_number": 14
      },
      {
        "type": "Hex High Entropy String",
        "filename": "cases/erdos686-four-pilot/handoffs/round-7-prym-falsifier.json",
        "hashed_secret": "608baed13f00ade3ee2271dd965ef4d4e7862b81",
        "is_verified": false,
        "line_number": 20
      },
      {
        "type": "Hex High Entropy String",
        "filename": "cases/erdos686-four-pilot/handoffs/round-7-prym-falsifier.json",
        "hashed_secret": "8c58544972d90431c7f49369c965604abbb77c40",
        "is_verified": false,
        "line_number": 25
      },
      {
        "type": "Hex High Entropy String",
        "filename": "cases/erdos686-four-pilot/handoffs/round-7-prym-falsifier.json",
        "hashed_secret": "bc7347452cea0d886ba157395798d9c7e65e74fd",
        "is_verified": false,
        "line_number": 30
      },
      {
        "type": "Hex High Entropy String",
        "filename": "cases/erdos686-four-pilot/handoffs/round-7-prym-falsifier.json",
        "hashed_secret": "6faf25b0030b397c94fe12193a894203d8dd87f5",
        "is_verified": false,
        "line_number": 58
      }
    ],
    "src/boule/community_demo.py": [
      {
        "type": "Hex High Entropy String",
        "filename": "src/boule/community_demo.py",
        "hashed_secret": "16b0e258f57eb6a132211e9faadbbfc41b15967a",
        "is_verified": false,
        "line_number": 67
      }
    ],
    "tests/test_github_app.py": [
      {
        "type": "Private Key",
        "filename": "tests/test_github_app.py",
        "hashed_secret": "1348b145fa1a555461c1b790a2f66614781091e9",
        "is_verified": false,
        "line_number": 136
      }
    ],
    "tests/test_problem_import.py": [
      {
        "type": "Hex High Entropy String",
        "filename": "tests/test_problem_import.py",
        "hashed_secret": "16b0e258f57eb6a132211e9faadbbfc41b15967a",
        "is_verified": false,
        "line_number": 36
      }
    ]
  },
  "generated_at": "2026-08-25T00:48:57Z"
}
